// Jest Snapshot v1, https://goo.gl/fbAQLP

exports[`Visual widget renders the VisualJSONWidget component without breaking if props and progressEditing are empty 1`] = `
Array [
  <div>
    <div
      className="ui container"
    >
      <button
        className="ui grey button"
        id="json_button"
        onClick={[Function]}
      >
        Edit JSON
      </button>
      <div
        aria-expanded={false}
        className="ui dropdown ui grey button dropdown-button"
        onBlur={[Function]}
        onChange={[Function]}
        onClick={[Function]}
        onFocus={[Function]}
        onKeyDown={[Function]}
        onMouseDown={[Function]}
        role="listbox"
        tabIndex={0}
      >
        <div
          aria-atomic={true}
          aria-live="polite"
          className="divider text"
          role="alert"
        >
          Add Property
        </div>
        <i
          aria-hidden="true"
          className="dropdown icon"
          onClick={[Function]}
        />
        <div
          className="menu transition"
        />
      </div>
    </div>
    <div
      className="ui divider"
    />
  </div>,
  <div
    className="ui segment pushable"
    style={
      Object {
        "height": "750px",
      }
    }
  >
    <div
      className="ui big divided selection relaxed list ui push left visible sidebar"
      icon="labeled"
      role="list"
      style={
        Object {
          "width": "250px",
        }
      }
    >
      <input
        onChange={[Function]}
        placeholder="Search... "
        style={
          Object {
            "paddingLeft": " 10px",
          }
        }
        value=""
      />
    </div>
    <div
      className="pusher"
      style={
        Object {
          "width": "calc(100% - 250px)",
        }
      }
    >
      <div
        className="ui segment"
        style={
          Object {
            "height": "750px",
            "overflow": "auto",
            "paddingBottom": "",
            "width": "100%",
          }
        }
      >
        <div
          className="accordion ui fluid styled"
        />
      </div>
    </div>
  </div>,
]
`;
